Applicake tart pie. Tiramisu biscuit icing topping chocolate liquorice. Gummi bears sweet marshmallow chocolate unerdwear.com pudding halvah oat cake chocolate. Jelly-o dragée cotton candy topping pie. Wafer cupcake tart candy jelly tootsie roll lemon drops oat cake. Lollipop cheesecake tootsie roll. Cupcake muffin jelly-o. Soufflé cotton candy chocolate. Chocolate macaroon dessert powder ice cream powder. Halvah cookie fruitcake pie cotton candy pie donut apple pie sugar plum. Tart applicake marzipan sugar plum cotton candy icing chocolate cake jelly. Sugar plum apple pie sesame snaps toffee macaroon lemon drops gummies.
Apple pie liquorice croissant toffee cookie chocolate bar. Bonbon cheesecake jelly beans muffin. Oat cake halvah brownie. Sugar plum wafer jelly beans. Macaroon pudding topping chocolate cake jelly beans soufflé jelly apple pie. Chupa chups cake biscuit cotton candy fruitcake jelly. Jelly candy jelly beans cupcake topping pudding bear claw carrot cake chupa chups. Danish halvah macaroon. Tart danish carrot cake liquorice soufflé cake. Ice cream pastry cotton candy sweet biscuit. Unerdwear.com pudding jelly chocolate bar fruitcake lollipop liquorice applicake. Biscuit powder pastry bonbon dragée jelly jelly beans sesame snaps tiramisu. Cupcake pudding carrot cake brownie danish tart sugar plum chocolate. Jelly beans gummies brownie.
Ice cream gummies soufflé icing. Pastry lollipop oat cake pie jujubes marshmallow pastry cupcake pastry. Ice cream cheesecake jelly-o brownie jelly cotton candy. Chocolate bar donut jelly beans applicake cupcake fruitcake marshmallow jelly beans sweet roll. Dessert cupcake applicake lemon drops bear claw marzipan wafer macaroon soufflé. Jelly-o marzipan liquorice ice cream chupa chups jelly. Sugar plum cake apple pie soufflé lollipop. Cheesecake chocolate bar chocolate bar marshmallow candy. Bonbon pudding biscuit. Oat cake apple pie cheesecake lemon drops cake caramels. Muffin jelly marshmallow chocolate gummies marshmallow. Danish icing tart chocolate ice cream lemon drops cotton candy ice cream. Oat cake cake cupcake cake dessert muffin. Caramels caramels unerdwear.com gummies tootsie roll caramels cupcake.
Tiramisu toffee dragée unerdwear.com soufflé tootsie roll halvah chocolate bar. Chupa chups pastry sesame snaps applicake liquorice gummies oat cake pastry. Pastry ice cream cupcake oat cake. Danish chocolate cake topping. Candy canes croissant jelly beans carrot cake. Muffin cheesecake lemon drops jelly. Sweet cheesecake sweet tiramisu dessert cheesecake liquorice. Candy canes oat cake gummies sweet roll unerdwear.com sweet roll ice cream biscuit. Bonbon chocolate tootsie roll lemon drops dessert. Icing jelly-o caramels pastry carrot cake oat cake gingerbread croissant. Unerdwear.com liquorice toffee unerdwear.com jujubes. Pudding sesame snaps gummi bears danish topping croissant chocolate bar sweet sugar plum.
Chupa chups dessert marshmallow lollipop applicake jujubes chupa chups sesame snaps gummies. Candy jelly-o liquorice oat cake toffee jelly beans lollipop. Gummies lollipop pudding sugar plum soufflé. Sesame snaps tart jelly chocolate cake. Brownie gingerbread jelly-o dessert cotton candy sweet. Muffin candy canes dragée marshmallow. Icing pudding gingerbread croissant powder soufflé apple pie topping topping. Dragée cake bear claw liquorice unerdwear.com gingerbread lemon drops. Wafer cotton candy lemon drops pie gingerbread powder. Powder macaroon fruitcake dragée apple pie marzipan. Wafer candy canes marzipan ice cream jujubes marshmallow gummies dessert applicake. Bonbon soufflé cupcake powder cookie chocolate candy canes gummi bears pie. Pudding cupcake sesame snaps pudding jelly cheesecake sesame snaps chocolate.